[?25l[?2004h╭──────────────────────────────────────────────────────────────────────────────────────────────────────────────────────╮
│  Planning  Execution  Metrics  Comparison   Policy: None | Mode: push | PAUSED | Day 0 | Backlog: 12 | Done: 0 |     │
│ Seed 42                                                                                                              │
╰──────────────────────────────────────────────────────────────────────────────────────────────────────────────────────╯
╭──────────────────────────────────────────────────────────────────────────────────────────────────────────────────────╮
│ Backlog (12 tickets)                                                                                                 │
│ ID       Title                             Est Type  Understanding      Phase                                        │
│ TKT-001  Migrate to new framework         6.5d Feature Low          Backlog                                          │
│ TKT-002  Update API endpoints             5.6d Feature Low          Backlog                                          │
│ TKT-003  Migrate to new framework         2.2d Feature Medium       Backlog                                          │
│ TKT-004  Add notification system          2.0d Feature High         Backlog                                          │
│ TKT-005  Update user dashboard            5.6d Feature Low          Backlog                                          │
│ TKT-006  Fix payment processing bug       7.3d Feature High         Backlog                                          │
│ TKT-007  Refactor database layer          2.7d Feature High         Backlog                                          │
│ TKT-008  Implement webhook support        4.6d Feature Medium       Backlog                                          │
│ TKT-009  Refactor database layer          2.1d Feature Low          Backlog                                          │
│ TKT-010  Fix validation errors            3.8d Feature Medium       Backlog                                          │
│ TKT-011  Implement webhook support        4.4d Feature High         Backlog                                          │
│ TKT-012  Update security policies         3.0d Feature Low          Backlog                                          │
╰──────────────────────────────────────────────────────────────────────────────────────────────────────────────────────╯
╭───────────────────────────────────────────────────────────────────────────────────────────────────────────────────────
│ ┌─────────────────────────┐  ┌───────────────────────────┐┌───────────────────────────┐┌───────────────────────────┐  
│ │        📊 📈 📉         │  │🗑️           🖥             ││           🖥               ││             🖥          🗑️ │  
│ │                         │  │            🪑             ││🗑️          🪑             ││            🪑             │  
│ │    🙂    🙂☕  🙂       │  │                           ││                           ││                           │  
│ │      ══╦═══════╦══      │  │                           ││                           ││                           │  
│ │        ║       ║        ┤  └────────────┤ ├ MsPac──────┘└────────────┤ ├ Qbert──────┘└────────────┤ ├ Samus──────┘  
│ │    🙂🥤  🙂    🙂                                                                                                   
│ │🗑️                       ┤                                                                                           
│ └─────────────────────────┘                                                                                           
│                              ┌────────────┤ ├ Athena─────┐┌────────────┤ ├ Mappy──────┐┌────────────┤ ├ Pengo──────┐  
│                              │                           ││                           ││                           │  
│                              │                           ││                           ││                           │  
│                              │            🪑             ││🗑️          🪑             ││            🪑          🗑️ │  
│                              │           🖥            🗑️ ││             🖥             ││             🖥             │  
│                              └───────────────────────────┘└───────────────────────────┘└───────────────────────────┘  
╰───────────────────────────────────────────────────────────────────────────────────────────────────────────────────────
a assign  d decompose  p policy  s start sprint  Tab switch view  Space pause/resume  +/- speed  c compare policies  e e[2K[?2004l[?25h[?1002l[?1003l[?1006l